// Jest Snapshot v1, https://goo.gl/fbAQLP

exports[`renders 1`] = `
<DocumentFragment>
  <div
    class="chakra-stack css-hxjtip"
  >
    <div
      class="css-0"
    >
      <p>
        Test Name
      </p>
    </div>
    <div
      class="css-0"
    >
      <p>
        Test Name
      </p>
    </div>
  </div>
</DocumentFragment>
`;
